
 RUN  v2.1.9 C:/Users/ANTONIO YU/Videos/Yuanto-Market Intel/nexus-ai/backend

 Γ£ô src/services/promotionPlanService.test.ts (4 tests) 18ms
 Γ£ô src/services/optimalPriceService.test.ts (4 tests) 16ms
 Γ£ô src/services/reviewAnalysisService.test.ts (3 tests) 17ms
 Γ£ô src/routes/b2c.routes.test.ts (5 tests) 3360ms
   Γ£ô B2C routes > POST /api/b2c/promotion-plan returns 200 and execution_plan 581ms

 Test Files  4 passed (4)
      Tests  16 passed (16)
   Start at  07:14:00
   Duration  11.23s (transform 4.33s, setup 0ms, collect 6.94s, tests 3.41s, environment 62ms, prepare 4.55s)

